// Jest Snapshot v1, https://goo.gl/fbAQLP

exports[`ApplicationsPage renders 1`] = `
<h1
  class="text-3xl md:text-3xl font-bold mb-2 md:mb-4"
>
  Utforska
</h1>
`;
