// Jest Snapshot v1, https://goo.gl/fbAQLP

exports[`LandingPage renders 1`] = `
<h1
  class="text-2xl md:text-3xl font-bold mb-2 md:mb-4"
>
  Digital Plattform
</h1>
`;
