// Jest Snapshot v1, https://goo.gl/fbAQLP

exports[`MyProfilePage renders 1`] = `
<h1
  class="text-2xl md:text-3xl font-bold mb-2 md:mb-4"
>
  Min profil
</h1>
`;
